// Jest Snapshot v1, https://goo.gl/fbAQLP

exports[`App container:  should render match snapshot 1`] = `<Connect(App) />`;
